[pass 1] tokenising to choose contexts and gene panel
  tabula_sapiens_immune_subset_20000.h5ad: 20000 cells
  tabula_sapiens_kidney.h5ad: 11376 cells
  tabula_sapiens_lung.h5ad: 65847 cells
[pass 1] 12 contexts x 12000 cells; panel = 6000 genes reaching 25 in >=2 contexts
     1000 cells  macrophage
     1000 cells  pulmonary alveolar type 2 cell
     1000 cells  kidney epithelial cell
     1000 cells  capillary endothelial cell
     1000 cells  CD4-positive, alpha-beta T cell
     1000 cells  CD8-positive, alpha-beta T cell
     1000 cells  B cell
     1000 cells  basal cell
     1000 cells  pulmonary alveolar type 1 cell
     1000 cells  intermediate monocyte
     1000 cells  neutrophil
     1000 cells  classical monocyte
Loading weights:   0%|          | 0/102 [00:00<?, ?it/s]Loading weights:  80%|████████  | 82/102 [00:00<00:00, 704.62it/s]Loading weights: 100%|██████████| 102/102 [00:00<00:00, 762.26it/s]
[pass 2] forward pass on mps; taps [0, 4, 8, 11]; accumulator 2.64 GB
    400/12000 cells | 0.0% of (gene,ctx,part) cells at cap
    800/12000 cells | 0.0% of (gene,ctx,part) cells at cap
    1200/12000 cells | 0.1% of (gene,ctx,part) cells at cap
    1600/12000 cells | 0.9% of (gene,ctx,part) cells at cap
    2000/12000 cells | 2.4% of (gene,ctx,part) cells at cap
    2400/12000 cells | 4.0% of (gene,ctx,part) cells at cap
    2800/12000 cells | 5.7% of (gene,ctx,part) cells at cap
    3200/12000 cells | 7.4% of (gene,ctx,part) cells at cap
    3600/12000 cells | 9.2% of (gene,ctx,part) cells at cap
    4000/12000 cells | 10.9% of (gene,ctx,part) cells at cap
    4400/12000 cells | 12.7% of (gene,ctx,part) cells at cap
    4800/12000 cells | 14.6% of (gene,ctx,part) cells at cap
    5200/12000 cells | 16.5% of (gene,ctx,part) cells at cap
    5600/12000 cells | 18.3% of (gene,ctx,part) cells at cap
    6000/12000 cells | 20.3% of (gene,ctx,part) cells at cap
    6400/12000 cells | 22.2% of (gene,ctx,part) cells at cap
    6800/12000 cells | 24.1% of (gene,ctx,part) cells at cap
    7200/12000 cells | 25.9% of (gene,ctx,part) cells at cap
    7600/12000 cells | 27.8% of (gene,ctx,part) cells at cap
    8000/12000 cells | 29.6% of (gene,ctx,part) cells at cap
    8400/12000 cells | 31.4% of (gene,ctx,part) cells at cap
    8800/12000 cells | 33.3% of (gene,ctx,part) cells at cap
    9200/12000 cells | 35.0% of (gene,ctx,part) cells at cap
    9600/12000 cells | 36.8% of (gene,ctx,part) cells at cap
    10000/12000 cells | 38.5% of (gene,ctx,part) cells at cap
    10400/12000 cells | 40.2% of (gene,ctx,part) cells at cap
    10800/12000 cells | 41.8% of (gene,ctx,part) cells at cap
    11200/12000 cells | 43.3% of (gene,ctx,part) cells at cap
    11600/12000 cells | 44.8% of (gene,ctx,part) cells at cap
    12000/12000 cells | 46.2% of (gene,ctx,part) cells at cap
  wrote /Volumes/Crucial X6/MacBook/Code/biomi_automation/projects/biotensor/codebase/route_genemanifold/results/ctx_maxtoki_L00.npz  M(2, 12, 6000, 1232)
  wrote /Volumes/Crucial X6/MacBook/Code/biomi_automation/projects/biotensor/codebase/route_genemanifold/results/ctx_maxtoki_L04.npz  M(2, 12, 6000, 1232)
  wrote /Volumes/Crucial X6/MacBook/Code/biomi_automation/projects/biotensor/codebase/route_genemanifold/results/ctx_maxtoki_L08.npz  M(2, 12, 6000, 1232)
  wrote /Volumes/Crucial X6/MacBook/Code/biomi_automation/projects/biotensor/codebase/route_genemanifold/results/ctx_maxtoki_L11.npz  M(2, 12, 6000, 1232)
  wrote /Volumes/Crucial X6/MacBook/Code/biomi_automation/projects/biotensor/codebase/route_genemanifold/results/ctx217m_cap20_L04.npz  M(2, 12, 6000, 1232) (cap 20)

[done] 6000 genes x 12 contexts x 2 partitions x 4 taps; 46.2% of cells reached the 50-occurrence cap
